{
  "ceo" : "Lars-Ake Norling",
  "email" : "info@nordnet.se",
  "headquarter" : "Stockholm",
  "introductionDate" : "2020-11-25",
  "isinCode" : "SE0015192067",
  "name" : "Nordnet",
  "url" : "https://nordnetab.com/sv/"
}